../Core/Src/main.c:70:6:HAL_GPIO_EXTI_Callback	16	static
../Core/Src/main.c:83:5:debouncer	24	static
../Core/Src/main.c:110:6:delay	16	static
../Core/Src/main.c:129:6:HAL_TIM_IC_CaptureCallback	16	static
../Core/Src/main.c:181:6:HCSR04_Read	8	static
../Core/Src/main.c:195:5:main	16	static
../Core/Src/main.c:302:6:SystemClock_Config	88	static
../Core/Src/main.c:349:13:MX_ADC1_Init	24	static
../Core/Src/main.c:401:13:MX_TIM2_Init	48	static
../Core/Src/main.c:448:13:MX_TIM3_Init	32	static
../Core/Src/main.c:496:13:MX_TIM4_Init	64	static
../Core/Src/main.c:556:13:MX_GPIO_Init	40	static
../Core/Src/main.c:610:6:Error_Handler	4	static,ignoring_inline_asm
