../Core/Src/main.c:67:6:HAL_GPIO_EXTI_Callback	16	static
../Core/Src/main.c:89:5:debouncer	24	static
../Core/Src/main.c:116:6:delay	16	static
../Core/Src/main.c:131:6:HAL_TIM_IC_CaptureCallback	16	static
../Core/Src/main.c:176:6:HCSR04_Read	8	static
../Core/Src/main.c:190:5:main	8	static
../Core/Src/main.c:280:6:SystemClock_Config	88	static
../Core/Src/main.c:327:13:MX_ADC1_Init	24	static
../Core/Src/main.c:379:13:MX_TIM3_Init	32	static
../Core/Src/main.c:427:13:MX_TIM4_Init	48	static
../Core/Src/main.c:476:13:MX_GPIO_Init	40	static
../Core/Src/main.c:527:6:Error_Handler	4	static,ignoring_inline_asm
